2026-03-15 03:34:41,075 - INFO - Loading previous data from data/onemap_31122025.csv
2026-03-15 03:34:41,190 - INFO - Previous dataset: 141669 records
2026-03-15 03:34:41,190 - INFO - Loading current data from data/onemap_15032026.csv
2026-03-15 03:34:41,194 - INFO - Current dataset: 2355 records
2026-03-15 03:34:41,224 - INFO - Comparing datasets to identify differences...
2026-03-15 03:34:41,264 - INFO - Found 5 new buildings
2026-03-15 03:34:41,265 - INFO - Found 2194 buildings in both datasets
/home/runner/work/onemap-building-sg/onemap-building-sg/scripts/onemap_building_compare.py:183: FutureWarning: The behavior of DataFrame concatenation with empty or all-NA entries is deprecated. In a future version, this will no longer exclude empty or all-NA columns when determining the result dtypes. To retain the old behavior, exclude the relevant entries before the concat operation.
  changes = pd.concat([changes, pd.DataFrame([row_data])], ignore_index=True)
2026-03-15 03:34:45,216 - INFO - Location change detected for 629351_50: 660.18 meters
2026-03-15 03:34:55,167 - INFO - Total differences found: 8
2026-03-15 03:34:55,167 - INFO -   - New buildings: 5
2026-03-15 03:34:55,167 - INFO -   - Name changes: 2
2026-03-15 03:34:55,167 - INFO -   - Location changes: 1 (threshold: 300.0 meters)
2026-03-15 03:34:55,171 - INFO - Differences saved to data/differences_onemap_15032026.csv
2026-03-15 03:34:55,171 - INFO - 
==================================================
ONEMAP BUILDING DATA COMPARISON REPORT
==================================================
Previous dataset: data/onemap_31122025.csv
Current dataset: data/onemap_15032026.csv
Differences output: data/differences_onemap_15032026.csv

STATISTICS
--------------------------------------------------
Previous dataset records: 141669
Current dataset records: 2355
Total differences found: 8
  - New buildings: 5
  - Name changes: 2
  - Location changes: 1 (distance > 300.0 meters)

SUMMARY
--------------------------------------------------
Net change in records: -139314 (-98.34%)

Report generated on: 2026-03-15 03:34:55
==================================================
2026-03-15 03:34:55,171 - INFO - Report saved to data/differences_onemap_15032026_report.txt
