2025-11-15 03:32:02,563 - INFO - Loading previous data from data/onemap_28052025.csv
2025-11-15 03:32:02,677 - INFO - Previous dataset: 141113 records
2025-11-15 03:32:02,677 - INFO - Loading current data from data/onemap_15112025.csv
2025-11-15 03:32:02,783 - INFO - Current dataset: 141652 records
2025-11-15 03:32:02,837 - INFO - Comparing datasets to identify differences...
2025-11-15 03:32:02,913 - INFO - Found 549 new buildings
2025-11-15 03:32:02,933 - INFO - Found 133858 buildings in both datasets
/home/runner/work/onemap-building-sg/onemap-building-sg/scripts/onemap_building_compare.py:183: FutureWarning: The behavior of DataFrame concatenation with empty or all-NA entries is deprecated. In a future version, this will no longer exclude empty or all-NA columns when determining the result dtypes. To retain the old behavior, exclude the relevant entries before the concat operation.
  changes = pd.concat([changes, pd.DataFrame([row_data])], ignore_index=True)
2025-11-15 03:32:48,513 - INFO - Location change detected for 797615_84: 607.57 meters
2025-11-15 03:33:03,566 - INFO - Location change detected for 628498_18: 467.52 meters
2025-11-15 03:33:09,325 - INFO - Location change detected for 308433_11: 474.28 meters
2025-11-15 03:36:12,917 - INFO - Location change detected for 506995_80: 342.54 meters
2025-11-15 03:38:45,525 - INFO - Location change detected for 628260_1: 947.07 meters
2025-11-15 03:41:18,525 - INFO - Location change detected for 629351_50: 660.18 meters
2025-11-15 03:41:51,061 - INFO - Location change detected for 259569_1: 589.70 meters
2025-11-15 03:42:39,555 - INFO - Location change detected for 729826_80: 421.11 meters
2025-11-15 03:44:37,642 - INFO - Location change detected for 18953_18: 543.52 meters
2025-11-15 03:47:09,934 - INFO - Location change detected for 357875_65: 549.26 meters
2025-11-15 03:48:52,076 - INFO - Location change detected for 627877_50: 347.98 meters
2025-11-15 03:49:11,123 - INFO - Location change detected for 609142_59: 355.39 meters
2025-11-15 03:49:17,960 - INFO - Location change detected for 627621_2: 359.78 meters
2025-11-15 03:51:44,492 - INFO - Location change detected for 728635_1: 399.03 meters
2025-11-15 03:53:07,749 - INFO - Location change detected for 498721_21: 628.27 meters
2025-11-15 03:55:07,202 - INFO - Location change detected for 627867_100: 2139.09 meters
2025-11-15 03:57:03,744 - INFO - Total differences found: 1890
2025-11-15 03:57:03,744 - INFO -   - New buildings: 549
2025-11-15 03:57:03,744 - INFO -   - Name changes: 1293
2025-11-15 03:57:03,744 - INFO -   - Location changes: 16 (threshold: 300.0 meters)
2025-11-15 03:57:03,762 - INFO - Differences saved to data/differences_onemap_15112025.csv
2025-11-15 03:57:03,762 - INFO - 
==================================================
ONEMAP BUILDING DATA COMPARISON REPORT
==================================================
Previous dataset: data/onemap_28052025.csv
Current dataset: data/onemap_15112025.csv
Differences output: data/differences_onemap_15112025.csv

STATISTICS
--------------------------------------------------
Previous dataset records: 141113
Current dataset records: 141652
Total differences found: 1890
  - New buildings: 549
  - Name changes: 1293
  - Location changes: 16 (distance > 300.0 meters)

SUMMARY
--------------------------------------------------
Net change in records: 539 (0.38%)

Report generated on: 2025-11-15 03:57:03
==================================================
2025-11-15 03:57:03,762 - INFO - Report saved to data/differences_onemap_15112025_report.txt
