2025-12-15 04:42:42,312 - INFO - Loading previous data from data/onemap_28052025.csv
2025-12-15 04:42:42,422 - INFO - Previous dataset: 141113 records
2025-12-15 04:42:42,422 - INFO - Loading current data from data/onemap_15122025.csv
2025-12-15 04:42:42,523 - INFO - Current dataset: 141670 records
2025-12-15 04:42:42,584 - INFO - Comparing datasets to identify differences...
2025-12-15 04:42:42,662 - INFO - Found 573 new buildings
2025-12-15 04:42:42,682 - INFO - Found 133845 buildings in both datasets
/home/runner/work/onemap-building-sg/onemap-building-sg/scripts/onemap_building_compare.py:183: FutureWarning: The behavior of DataFrame concatenation with empty or all-NA entries is deprecated. In a future version, this will no longer exclude empty or all-NA columns when determining the result dtypes. To retain the old behavior, exclude the relevant entries before the concat operation.
  changes = pd.concat([changes, pd.DataFrame([row_data])], ignore_index=True)
2025-12-15 04:43:32,797 - INFO - Location change detected for 797615_84: 607.57 meters
2025-12-15 04:46:59,818 - INFO - Location change detected for 68811_8: 314.09 meters
2025-12-15 04:48:44,596 - INFO - Location change detected for 18953_18: 499.55 meters
2025-12-15 04:48:46,070 - INFO - Location change detected for 259569_1: 589.70 meters
2025-12-15 04:49:17,198 - INFO - Location change detected for 588398_601: 659.55 meters
2025-12-15 04:49:19,157 - INFO - Location change detected for 679525_201: 698.18 meters
2025-12-15 04:51:24,125 - INFO - Location change detected for 308433_11: 490.22 meters
2025-12-15 04:54:47,755 - INFO - Location change detected for 627867_100: 2139.09 meters
2025-12-15 04:58:58,890 - INFO - Location change detected for 627807_61: 626.44 meters
2025-12-15 04:59:19,436 - INFO - Location change detected for 627886_17: 442.05 meters
2025-12-15 05:03:27,732 - INFO - Location change detected for 118326_1: 823.33 meters
2025-12-15 05:05:55,078 - INFO - Location change detected for 629888_15: 705.58 meters
2025-12-15 05:07:24,595 - INFO - Location change detected for 728635_1: 399.03 meters
2025-12-15 05:07:30,895 - INFO - Total differences found: 1504
2025-12-15 05:07:30,895 - INFO -   - New buildings: 573
2025-12-15 05:07:30,895 - INFO -   - Name changes: 881
2025-12-15 05:07:30,895 - INFO -   - Location changes: 13 (threshold: 300.0 meters)
2025-12-15 05:07:30,910 - INFO - Differences saved to data/differences_onemap_15122025.csv
2025-12-15 05:07:30,910 - INFO - 
==================================================
ONEMAP BUILDING DATA COMPARISON REPORT
==================================================
Previous dataset: data/onemap_28052025.csv
Current dataset: data/onemap_15122025.csv
Differences output: data/differences_onemap_15122025.csv

STATISTICS
--------------------------------------------------
Previous dataset records: 141113
Current dataset records: 141670
Total differences found: 1504
  - New buildings: 573
  - Name changes: 881
  - Location changes: 13 (distance > 300.0 meters)

SUMMARY
--------------------------------------------------
Net change in records: 557 (0.39%)

Report generated on: 2025-12-15 05:07:30
==================================================
2025-12-15 05:07:30,911 - INFO - Report saved to data/differences_onemap_15122025_report.txt
