2026-04-15 05:00:21,799 - INFO - Loading previous data from data/onemap_31122025.csv
2026-04-15 05:00:21,908 - INFO - Previous dataset: 141669 records
2026-04-15 05:00:21,908 - INFO - Loading current data from data/onemap_15042026.csv
2026-04-15 05:00:21,910 - INFO - Current dataset: 745 records
2026-04-15 05:00:21,938 - INFO - Comparing datasets to identify differences...
2026-04-15 05:00:21,972 - INFO - Found 3 new buildings
2026-04-15 05:00:21,973 - INFO - Found 729 buildings in both datasets
/home/runner/work/onemap-building-sg/onemap-building-sg/scripts/onemap_building_compare.py:183: FutureWarning: The behavior of DataFrame concatenation with empty or all-NA entries is deprecated. In a future version, this will no longer exclude empty or all-NA columns when determining the result dtypes. To retain the old behavior, exclude the relevant entries before the concat operation.
  changes = pd.concat([changes, pd.DataFrame([row_data])], ignore_index=True)
2026-04-15 05:00:26,387 - INFO - Total differences found: 16
2026-04-15 05:00:26,387 - INFO -   - New buildings: 3
2026-04-15 05:00:26,387 - INFO -   - Name changes: 13
2026-04-15 05:00:26,387 - INFO -   - Location changes: 0 (threshold: 300.0 meters)
2026-04-15 05:00:26,389 - INFO - Differences saved to data/differences_onemap_15042026.csv
2026-04-15 05:00:26,390 - INFO - 
==================================================
ONEMAP BUILDING DATA COMPARISON REPORT
==================================================
Previous dataset: data/onemap_31122025.csv
Current dataset: data/onemap_15042026.csv
Differences output: data/differences_onemap_15042026.csv

STATISTICS
--------------------------------------------------
Previous dataset records: 141669
Current dataset records: 745
Total differences found: 16
  - New buildings: 3
  - Name changes: 13
  - Location changes: 0 (distance > 300.0 meters)

SUMMARY
--------------------------------------------------
Net change in records: -140924 (-99.47%)

Report generated on: 2026-04-15 05:00:26
==================================================
2026-04-15 05:00:26,390 - INFO - Report saved to data/differences_onemap_15042026_report.txt
