2026-01-15 04:22:41,617 - INFO - Loading previous data from data/onemap_31122025.csv
2026-01-15 04:22:41,736 - INFO - Previous dataset: 141669 records
2026-01-15 04:22:41,736 - INFO - Loading current data from data/onemap_15012026.csv
2026-01-15 04:22:41,829 - INFO - Current dataset: 141669 records
2026-01-15 04:22:41,881 - INFO - Comparing datasets to identify differences...
2026-01-15 04:22:41,952 - INFO - Found 6 new buildings
2026-01-15 04:22:41,971 - INFO - Found 134408 buildings in both datasets
/home/runner/work/onemap-building-sg/onemap-building-sg/scripts/onemap_building_compare.py:183: FutureWarning: The behavior of DataFrame concatenation with empty or all-NA entries is deprecated. In a future version, this will no longer exclude empty or all-NA columns when determining the result dtypes. To retain the old behavior, exclude the relevant entries before the concat operation.
  changes = pd.concat([changes, pd.DataFrame([row_data])], ignore_index=True)
2026-01-15 04:24:24,961 - INFO - Location change detected for 627886_17: 442.05 meters
2026-01-15 04:29:13,471 - INFO - Location change detected for 627621_2: 359.78 meters
2026-01-15 04:30:07,147 - INFO - Location change detected for 118326_1: 823.33 meters
2026-01-15 04:34:01,771 - INFO - Location change detected for 729826_80: 496.47 meters
2026-01-15 04:35:15,820 - INFO - Location change detected for 627877_50: 347.98 meters
2026-01-15 04:36:28,274 - INFO - Location change detected for 627867_100: 2139.09 meters
2026-01-15 04:37:19,842 - INFO - Location change detected for 679525_201: 698.18 meters
2026-01-15 04:39:40,903 - INFO - Location change detected for 628498_18: 467.52 meters
2026-01-15 04:41:24,344 - INFO - Location change detected for 628208_1: 1170.47 meters
2026-01-15 04:45:15,771 - INFO - Location change detected for 627806_11: 434.16 meters
2026-01-15 04:46:04,586 - INFO - Location change detected for 629888_15: 705.58 meters
2026-01-15 04:46:42,326 - INFO - Total differences found: 32
2026-01-15 04:46:42,327 - INFO -   - New buildings: 6
2026-01-15 04:46:42,327 - INFO -   - Name changes: 15
2026-01-15 04:46:42,327 - INFO -   - Location changes: 11 (threshold: 300.0 meters)
2026-01-15 04:46:42,333 - INFO - Differences saved to data/differences_onemap_15012026.csv
2026-01-15 04:46:42,333 - INFO - 
==================================================
ONEMAP BUILDING DATA COMPARISON REPORT
==================================================
Previous dataset: data/onemap_31122025.csv
Current dataset: data/onemap_15012026.csv
Differences output: data/differences_onemap_15012026.csv

STATISTICS
--------------------------------------------------
Previous dataset records: 141669
Current dataset records: 141669
Total differences found: 32
  - New buildings: 6
  - Name changes: 15
  - Location changes: 11 (distance > 300.0 meters)

SUMMARY
--------------------------------------------------
Net change in records: 0 (0.00%)

Report generated on: 2026-01-15 04:46:42
==================================================
2026-01-15 04:46:42,333 - INFO - Report saved to data/differences_onemap_15012026_report.txt
