2025-10-15 03:29:56,266 - INFO - Loading previous data from data/onemap_28052025.csv
2025-10-15 03:29:56,387 - INFO - Previous dataset: 141113 records
2025-10-15 03:29:56,387 - INFO - Loading current data from data/onemap_15102025.csv
2025-10-15 03:29:56,504 - INFO - Current dataset: 141550 records
2025-10-15 03:29:56,558 - INFO - Comparing datasets to identify differences...
2025-10-15 03:29:56,634 - INFO - Found 397 new buildings
2025-10-15 03:29:56,652 - INFO - Found 133911 buildings in both datasets
/home/runner/work/onemap-building-sg/onemap-building-sg/scripts/onemap_building_compare.py:183: FutureWarning: The behavior of DataFrame concatenation with empty or all-NA entries is deprecated. In a future version, this will no longer exclude empty or all-NA columns when determining the result dtypes. To retain the old behavior, exclude the relevant entries before the concat operation.
  changes = pd.concat([changes, pd.DataFrame([row_data])], ignore_index=True)
2025-10-15 03:30:44,147 - INFO - Location change detected for 628260_1: 947.07 meters
2025-10-15 03:34:01,641 - INFO - Location change detected for 627807_61: 626.44 meters
2025-10-15 03:35:57,749 - INFO - Location change detected for 627806_11: 434.16 meters
2025-10-15 03:36:34,804 - INFO - Location change detected for 627869_5: 568.44 meters
2025-10-15 03:40:50,547 - INFO - Location change detected for 627877_50: 347.98 meters
2025-10-15 03:42:54,015 - INFO - Location change detected for 728635_1: 399.03 meters
2025-10-15 03:43:49,987 - INFO - Location change detected for 627832_51: 475.93 meters
2025-10-15 03:48:38,422 - INFO - Location change detected for 729826_80: 449.06 meters
2025-10-15 03:51:08,995 - INFO - Location change detected for 308433_11: 490.22 meters
2025-10-15 03:52:51,861 - INFO - Location change detected for 628208_1: 1170.47 meters
2025-10-15 03:54:02,517 - INFO - Location change detected for 627867_100: 2139.09 meters
2025-10-15 03:54:33,383 - INFO - Location change detected for 118326_1: 823.33 meters
2025-10-15 03:55:12,374 - INFO - Location change detected for 259569_1: 589.70 meters
2025-10-15 03:55:33,720 - INFO - Total differences found: 1229
2025-10-15 03:55:33,720 - INFO -   - New buildings: 397
2025-10-15 03:55:33,720 - INFO -   - Name changes: 784
2025-10-15 03:55:33,720 - INFO -   - Location changes: 13 (threshold: 300.0 meters)
2025-10-15 03:55:33,732 - INFO - Differences saved to data/differences_onemap_15102025.csv
2025-10-15 03:55:33,733 - INFO - 
==================================================
ONEMAP BUILDING DATA COMPARISON REPORT
==================================================
Previous dataset: data/onemap_28052025.csv
Current dataset: data/onemap_15102025.csv
Differences output: data/differences_onemap_15102025.csv

STATISTICS
--------------------------------------------------
Previous dataset records: 141113
Current dataset records: 141550
Total differences found: 1229
  - New buildings: 397
  - Name changes: 784
  - Location changes: 13 (distance > 300.0 meters)

SUMMARY
--------------------------------------------------
Net change in records: 437 (0.31%)

Report generated on: 2025-10-15 03:55:33
==================================================
2025-10-15 03:55:33,733 - INFO - Report saved to data/differences_onemap_15102025_report.txt
