2025-05-27 16:59:52,438 - INFO - Loading data from data/differences_onemap_27052025.csv
2025-05-27 16:59:52,441 - INFO - Loaded 195 records
2025-05-27 16:59:52,441 - INFO - Filtering out buildings under construction and temporary site offices...
2025-05-27 16:59:52,450 - INFO - Excluded 19 buildings (under construction/temporary)
2025-05-27 16:59:52,450 - INFO - Remaining records for processing: 176
2025-05-27 16:59:52,450 - INFO - Examples of excluded buildings:
2025-05-27 16:59:52,451 - INFO -   - 39969: TEMPORARY SITE OFFICE at REPUBLIC AVENUE
2025-05-27 16:59:52,451 - INFO -   - 529420: AURELLE OF TAMPINES (U/C) at TAMPINES STREET 62
2025-05-27 16:59:52,451 - INFO -   - 609890: TEMPORARY SITE OFFICE at JURONG TOWN HALL ROAD
2025-05-27 16:59:52,451 - INFO -   - 699866: NOVO PLACE (U/C) at PLANTATION CLOSE
2025-05-27 16:59:52,451 - INFO -   - 699867: NOVO PLACE (U/C) at PLANTATION CLOSE
2025-05-27 16:59:52,452 - INFO - Excluded records saved to data/correction_differences_onemap_27052025_excluded.csv
2025-05-27 16:59:52,453 - INFO - Found 0 unique postal codes with duplicates
2025-05-27 16:59:52,453 - INFO - Total records with duplicate postal codes: 0
2025-05-27 16:59:52,453 - INFO - Starting deduplication process...
2025-05-27 16:59:52,453 - INFO - Calculating parent building scores...
2025-05-27 16:59:52,465 - INFO - Added 176 non-duplicate records to result
2025-05-27 16:59:52,465 - INFO - Selected 0 parent buildings from duplicate groups
2025-05-27 16:59:52,465 - INFO - Removed 0 duplicate records
2025-05-27 16:59:52,465 - INFO - Total records in deduplicated dataset: 176
2025-05-27 16:59:52,465 - INFO - Applying naming conventions...
2025-05-27 16:59:52,494 - INFO - Classified buildings: 140 residential, 36 non-residential
2025-05-27 16:59:52,505 - INFO - Naming conventions applied successfully
2025-05-27 16:59:52,505 - INFO - Generating summary files for Slack integration...
2025-05-27 16:59:52,507 - INFO - Generated new buildings summary: data/new_buildings_27_05_2025.csv
2025-05-27 16:59:52,522 - INFO - Generated changes summary: data/building_changes_summary_27_05_2025.csv
2025-05-27 16:59:52,523 - INFO - Generated statistics summary: data/processing_statistics_27_05_2025.csv
2025-05-27 16:59:52,523 - INFO - Generated text summary: data/processing_summary_27_05_2025.txt
2025-05-27 16:59:52,523 - ERROR - Error generating summary files: Object of type int64 is not JSON serializable
2025-05-27 16:59:52,525 - INFO - Corrected dataset saved to data/correction_differences_onemap_27052025.csv
2025-05-27 16:59:52,525 - INFO - ============================================================
2025-05-27 16:59:52,525 - INFO - ENHANCED CORRECTION SUMMARY
2025-05-27 16:59:52,525 - INFO - ============================================================
2025-05-27 16:59:52,525 - INFO - Original records: 195
2025-05-27 16:59:52,525 - INFO - Excluded records: 19 (9.74%)
2025-05-27 16:59:52,525 - INFO - Corrected records: 176
2025-05-27 16:59:52,525 - INFO - Duplicates removed: 0
2025-05-27 16:59:52,525 - INFO - Net records reduction: 19 (9.74%)
2025-05-27 16:59:52,525 - INFO - Residential buildings: 140 (79.55%)
2025-05-27 16:59:52,526 - INFO - Non-residential buildings: 36 (20.45%)
2025-05-27 16:59:52,526 - INFO - ============================================================
2025-05-27 16:59:52,526 - INFO - Enhanced correction process completed in 0.09 seconds
2025-05-27 16:59:52,526 - INFO - ✅ Enhanced correction process completed successfully!
