2026-01-15 04:46:42,674 - INFO - Loading data from data/differences_onemap_15012026.csv
2026-01-15 04:46:42,676 - INFO - Loaded 32 records
2026-01-15 04:46:42,676 - INFO - Filtering out buildings under construction and temporary site offices...
2026-01-15 04:46:42,679 - INFO - Excluded 0 buildings (under construction/temporary)
2026-01-15 04:46:42,679 - INFO - Remaining records for processing: 32
2026-01-15 04:46:42,679 - INFO - Found 1 unique postal codes with duplicates
2026-01-15 04:46:42,679 - INFO - Total records with duplicate postal codes: 4
2026-01-15 04:46:42,679 - INFO - Starting deduplication process...
2026-01-15 04:46:42,679 - INFO - Calculating parent building scores...
2026-01-15 04:46:42,684 - INFO - Added 28 non-duplicate records to result
2026-01-15 04:46:42,686 - INFO - Selected 1 parent buildings from duplicate groups
2026-01-15 04:46:42,686 - INFO - Removed 3 duplicate records
2026-01-15 04:46:42,686 - INFO - Total records in deduplicated dataset: 29
2026-01-15 04:46:42,686 - INFO - Applying naming conventions...
2026-01-15 04:46:42,693 - INFO - Classified buildings: 23 residential, 6 non-residential
2026-01-15 04:46:42,695 - INFO - Naming conventions applied successfully
2026-01-15 04:46:42,696 - INFO - Generating summary files for Slack integration...
2026-01-15 04:46:42,698 - INFO - Generated new buildings summary: data/new_buildings_15_01_2026.csv
2026-01-15 04:46:42,701 - INFO - Generated changes summary: data/building_changes_summary_15_01_2026.csv
2026-01-15 04:46:42,702 - INFO - Generated statistics summary: data/processing_statistics_15_01_2026.csv
2026-01-15 04:46:42,702 - INFO - Generated text summary: data/processing_summary_15_01_2026.txt
2026-01-15 04:46:42,702 - INFO - Generated metadata file: data/processing_metadata_15_01_2026.json
2026-01-15 04:46:42,702 - INFO - Validated metadata JSON structure: 5 keys
2026-01-15 04:46:42,703 - INFO - Corrected dataset saved to data/correction_differences_onemap_15012026.csv
2026-01-15 04:46:42,703 - INFO - ============================================================
2026-01-15 04:46:42,703 - INFO - ENHANCED CORRECTION SUMMARY
2026-01-15 04:46:42,703 - INFO - ============================================================
2026-01-15 04:46:42,703 - INFO - Original records: 32
2026-01-15 04:46:42,703 - INFO - Excluded records: 0 (0.00%)
2026-01-15 04:46:42,703 - INFO - Corrected records: 29
2026-01-15 04:46:42,703 - INFO - Duplicates removed: 3
2026-01-15 04:46:42,703 - INFO - Net records reduction: 3 (9.38%)
2026-01-15 04:46:42,703 - INFO - Residential buildings: 23 (79.31%)
2026-01-15 04:46:42,703 - INFO - Non-residential buildings: 6 (20.69%)
2026-01-15 04:46:42,704 - INFO - ============================================================
2026-01-15 04:46:42,704 - INFO - Enhanced correction process completed in 0.03 seconds
2026-01-15 04:46:42,704 - INFO - ✅ Enhanced correction process completed successfully!
