2026-03-15 03:34:55,585 - INFO - Loading data from data/differences_onemap_15032026.csv
2026-03-15 03:34:55,587 - INFO - Loaded 8 records
2026-03-15 03:34:55,588 - INFO - Filtering out buildings under construction and temporary site offices...
2026-03-15 03:34:55,589 - INFO - Excluded 0 buildings (under construction/temporary)
2026-03-15 03:34:55,589 - INFO - Remaining records for processing: 8
2026-03-15 03:34:55,590 - INFO - Found 0 unique postal codes with duplicates
2026-03-15 03:34:55,590 - INFO - Total records with duplicate postal codes: 0
2026-03-15 03:34:55,590 - INFO - Starting deduplication process...
2026-03-15 03:34:55,590 - INFO - Calculating parent building scores...
2026-03-15 03:34:55,594 - INFO - Added 8 non-duplicate records to result
2026-03-15 03:34:55,594 - INFO - Selected 0 parent buildings from duplicate groups
2026-03-15 03:34:55,594 - INFO - Removed 0 duplicate records
2026-03-15 03:34:55,594 - INFO - Total records in deduplicated dataset: 8
2026-03-15 03:34:55,594 - INFO - Applying naming conventions...
2026-03-15 03:34:55,598 - INFO - Classified buildings: 6 residential, 2 non-residential
2026-03-15 03:34:55,600 - INFO - Naming conventions applied successfully
2026-03-15 03:34:55,600 - INFO - Generating summary files for Slack integration...
2026-03-15 03:34:55,603 - INFO - Generated new buildings summary: data/new_buildings_15_03_2026.csv
2026-03-15 03:34:55,606 - INFO - Generated changes summary: data/building_changes_summary_15_03_2026.csv
2026-03-15 03:34:55,606 - INFO - Generated statistics summary: data/processing_statistics_15_03_2026.csv
2026-03-15 03:34:55,607 - INFO - Generated text summary: data/processing_summary_15_03_2026.txt
2026-03-15 03:34:55,607 - INFO - Generated metadata file: data/processing_metadata_15_03_2026.json
2026-03-15 03:34:55,607 - INFO - Validated metadata JSON structure: 5 keys
2026-03-15 03:34:55,608 - INFO - Corrected dataset saved to data/correction_differences_onemap_15032026.csv
2026-03-15 03:34:55,608 - INFO - ============================================================
2026-03-15 03:34:55,608 - INFO - ENHANCED CORRECTION SUMMARY
2026-03-15 03:34:55,608 - INFO - ============================================================
2026-03-15 03:34:55,608 - INFO - Original records: 8
2026-03-15 03:34:55,608 - INFO - Excluded records: 0 (0.00%)
2026-03-15 03:34:55,608 - INFO - Corrected records: 8
2026-03-15 03:34:55,608 - INFO - Duplicates removed: 0
2026-03-15 03:34:55,608 - INFO - Net records reduction: 0 (0.00%)
2026-03-15 03:34:55,608 - INFO - Residential buildings: 6 (75.00%)
2026-03-15 03:34:55,608 - INFO - Non-residential buildings: 2 (25.00%)
2026-03-15 03:34:55,608 - INFO - ============================================================
2026-03-15 03:34:55,608 - INFO - Enhanced correction process completed in 0.02 seconds
2026-03-15 03:34:55,608 - INFO - ✅ Enhanced correction process completed successfully!
